Aufgaben: 398 · Minuten gesamt: 12160 · Stunden: 202.7
Probleme: 0
Schwere Tage (>150 Min. ohne Spiel):
   W23 Sa 20.02.: 180 Min. ohne Spiel (180 mit)
   W32 Do 22.04.: 180 Min. ohne Spiel (190 mit)
   W32 Fr 23.04.: 190 Min. ohne Spiel (190 mit)
   W32 Sa 24.04.: 190 Min. ohne Spiel (190 mit)
W3  P0 | Mo   0 Di   0 Mi   0 Do  45 Fr  60 Sa  30 So  25
W4  P0 | Mo  45 Di  60 Mi  75 Do  60 Fr  60 Sa  95 So  50
W5  P1 | Mo  75 Di  30 Mi  60 Do  45 Fr  35 Sa  30 So  95
W6  P1 | Mo  60 Di  35 Mi  60 Do  65 Fr  60 Sa  30 So  95
W7  P1 | Mo  60 Di  45 Mi  60 Do  30 Fr  45 Sa  30 So 125
W8  P1 | Mo  45 Di  45 Mi  30 Do  30 Fr  35 Sa  30 So  95
W9  P2 | Mo  60 Di  40 Mi  35 Do  45 Fr  35 Sa  30 So  45
W10 P2 | Mo 105 Di  30 Mi  60 Do  45 Fr  45 Sa  30 So  95
W11 P2 | Mo  30 Di  60 Mi  60 Do  50 Fr  15 Sa  30 So  95
W12 P2 | Mo  25 Di  15 Mi  15 Do  75 Fr  90 Sa  70 So 145
W13 P2 | Mo  60 Di  75 Mi  15 Do  60 Fr  15 Sa  55 So 120
W14 P2 | Mo  75 Di  45 Mi  60 Do  75 Fr  15 Sa  40 So 120
W15 P3 | Mo  15 Di  30 Mi  15 Do   0 Fr   0 Sa  10 So  15+150
W16 P3 | Mo  25 Di  30 Mi  15 Do  15 Fr   0 Sa  10 So  95
W17 P3 | Mo 120 Di  45 Mi  45 Do  45 Fr  35 Sa  10 So 120
W18 P3 | Mo  45 Di  15 Mi  25 Do 135 Fr  30 Sa  10 So 120
W19 P3 | Mo  25 Di  35 Mi  60 Do  30 Fr  15 Sa  30 So 120
W20 P3 | Mo  45 Di  35 Mi  60 Do  20 Fr  15 Sa  10 So  60
W21 P3 | Mo  45 Di  30 Mi  75 Do  15 Fr  80 Sa  30 So  70
W22 P4 | Mo  60 Di  15+60 Mi  15+45 Do   0+60 Fr  90 Sa  10 So 120+20
W23 P4 | Mo  15+20 Di  35 Mi  45 Do   0+90 Fr  60 Sa 180 So 120
W24 P4 | Mo  15+90 Di  75 Mi  45 Do  60+90 Fr  45 Sa  10 So 110+15
W25 P4 | Mo  45 Di  60+60 Mi  55+20 Do  45 Fr  30+20 Sa  10 So 100
W26 P4 | Mo  30+60 Di  60 Mi  35 Do  50 Fr  30 Sa  10+60 So 100
W27 P4 | Mo  30+60 Di  75 Mi  45+20 Do  60 Fr  60 Sa  70 So 100+15
W28 P4 | Mo  30+30 Di  60 Mi  65+15 Do  30 Fr  60+45 Sa  30 So  35
W29 P5 | Mo  20+30 Di  75 Mi 110 Do 110 Fr 100 Sa  55 So  65+10
W30 P5 | Mo  70 Di 100 Mi 105 Do  65 Fr  20+45 Sa  40 So  50
W31 P5 | Mo  40 Di  40 Mi  85 Do  30+20 Fr  40 Sa  70+5 So  30
W32 P5 | Mo  35 Di  30 Mi  40 Do 180+10 Fr 190 Sa 190 So  95+10
Bytes JSON: 209549
